// Jest Snapshot v1, https://goo.gl/fbAQLP

exports[`SmallMovieCard page correctly renders 1`] = `
<article
  className="small-movie-card catalog__movies-card"
  onMouseEnter={[Function]}
  onMouseLeave={[Function]}
>
  <video
    height="175"
    loop={true}
    muted={true}
    poster="img/fantastic-beasts-the-crimes-of-grindelwald.jpg"
    width="280"
  >
    <source
      src="https://download.blender.org/durian/trailer/sintel_trailer-480p.mp4"
    />
  </video>
  <h3
    className="small-movie-card__title"
  >
    <a
      className="small-movie-card__link"
      href="movie-page.html"
    >
      Fantastic Beasts: The Crimes of Grindelwald
    </a>
  </h3>
</article>
`;
